
> devvault@1.0.0 build
> cross-env NODE_OPTIONS=--max-old-space-size=4096 next build

npm : Γ¿» Another next build process is already running.
At line:1 char:1
+ npm run build 2>&1 | Tee-Object -FilePath "build_output.txt"
+ ~~~~~~~~~~~~~~~~~~
    + CategoryInfo          : NotSpecified: (Γ¿» Another nex...lready running. 
   :String) [], RemoteException
    + FullyQualifiedErrorId : NativeCommandError
 

  This could be:
  - A next build still in progress
  - A previous build that didn't exit cleanly

  Suggestion: Wait for the build to complete.
